src/components/common/Toast.tsx(51,20): error TS2554: Expected 1 arguments, but got 0.
src/components/mission/MissionReports.tsx(3,36): error TS6133: 'Download' is declared but its value is never read.
src/components/targets/ADDiscovery.tsx(12,3): error TS6133: 'XCircle' is declared but its value is never read.
src/components/targets/ADDiscovery.tsx(18,3): error TS6133: 'Download' is declared but its value is never read.
src/pages/BenchmarkDetail.tsx(943,48): error TS2304: Cannot find name 'setActiveTab'.
src/pages/ClientWorkspace.tsx(29,3): error TS6133: 'MoreVertical' is declared but its value is never read.
src/pages/Dashboard.tsx(51,19): error TS2554: Expected 1 arguments, but got 0.
